


ls /tmp/x509up_u101050
Printing defaults
acceptance NONE
tthTagsOnly False
